Analyzing contact_import_service.dart...                        

  error - The method 'requestPermission' isn't defined for the type 'FlutterContacts' - lib\features\contacts\contact_import_service.dart:30:50 - undefined_method
  error - The method 'getContacts' isn't defined for the type 'FlutterContacts' - lib\features\contacts\contact_import_service.dart:33:52 - undefined_method
  error - The method 'trim' can't be unconditionally invoked because the receiver can be 'null' - lib\features\contacts\contact_import_service.dart:46:51 - unchecked_use_of_nullable_value
  error - The property 'isNotEmpty' can't be unconditionally accessed because the receiver can be 'null' - lib\features\contacts\contact_import_service.dart:51:55 - unchecked_use_of_nullable_value
  error - The getter 'title' isn't defined for the type 'Organization' - lib\features\contacts\contact_import_service.dart:59:45 - undefined_getter
  error - The getter 'company' isn't defined for the type 'Organization' - lib\features\contacts\contact_import_service.dart:63:45 - undefined_getter
  error - The argument type 'String?' can't be assigned to the parameter type 'String'.  - lib\features\contacts\contact_import_service.dart:74:22 - argument_type_not_assignable

